e:\closed source\ezthread\x64\debug\ezthread.pdb
e:\closed source\ezthread\x64\debug\ezthread.idb
e:\closed source\ezthread\ezthread\x64\debug\tls.obj
e:\closed source\ezthread\ezthread\x64\debug\sync.obj
e:\closed source\ezthread\ezthread\x64\debug\semaphore.obj
e:\closed source\ezthread\ezthread\x64\debug\pool.obj
e:\closed source\ezthread\ezthread\x64\debug\mutex.obj
e:\closed source\ezthread\ezthread\x64\debug\future.obj
e:\closed source\ezthread\ezthread\x64\debug\event.obj
e:\closed source\ezthread\ezthread\x64\debug\debug.obj
e:\closed source\ezthread\ezthread\x64\debug\core.obj
e:\closed source\ezthread\ezthread\x64\debug\condition.obj
e:\closed source\ezthread\x64\debug\ezthread.lib
e:\closed source\ezthread\ezthread\x64\debug\ezthread.tlog\cl.command.1.tlog
e:\closed source\ezthread\ezthread\x64\debug\ezthread.tlog\cl.items.tlog
e:\closed source\ezthread\ezthread\x64\debug\ezthread.tlog\cl.read.1.tlog
e:\closed source\ezthread\ezthread\x64\debug\ezthread.tlog\cl.write.1.tlog
e:\closed source\ezthread\ezthread\x64\debug\ezthread.tlog\lib-link.read.1.tlog
e:\closed source\ezthread\ezthread\x64\debug\ezthread.tlog\lib-link.write.1.tlog
e:\closed source\ezthread\ezthread\x64\debug\ezthread.tlog\lib.command.1.tlog
